适用于 .NET Framework MSBuild 版本 18.7.8+1ac568fee

  ZeroFlick.vcxproj -> c:\Users\15446\Desktop\ZeroFlick-master\x64\Release\ZeroFlick.dll
